tile 0,0 39.91500,-75.18800,39.93275,-75.17050: +109420 elements (13s), total 109420
tile 0,1 39.91500,-75.17050,39.93275,-75.15300: +130299 elements (167s), total 239719
tile 0,2 39.91500,-75.15300,39.93275,-75.13550: +39867 elements (2s), total 279586
tile 0,3 39.91500,-75.13550,39.93275,-75.11800: +3401 elements (10s), total 282987
tile 1,0 39.93275,-75.18800,39.95050,-75.17050: +85338 elements (51s), total 368325
tile 1,1 39.93275,-75.17050,39.95050,-75.15300: +69847 elements (3s), total 438172
tile 1,2 39.93275,-75.15300,39.95050,-75.13550: +34278 elements (4s), total 472450
tile 1,3 39.93275,-75.13550,39.95050,-75.11800: +8333 elements (3s), total 480783
tile 2,0 39.95050,-75.18800,39.96825,-75.17050: +30098 elements (42s), total 510881
tile 2,1 39.95050,-75.17050,39.96825,-75.15300: +30221 elements (10s), total 541102
tile 2,2 39.95050,-75.15300,39.96825,-75.13550: +29873 elements (13s), total 570975
tile 2,3 39.95050,-75.13550,39.96825,-75.11800: +5205 elements (10s), total 576180
tile 3,0 39.96825,-75.18800,39.98600,-75.17050: +73117 elements (12s), total 649297
tile 3,1 39.96825,-75.17050,39.98600,-75.15300: +51586 elements (4s), total 700883
tile 3,2 39.96825,-75.15300,39.98600,-75.13550: +46386 elements (52s), total 747269
tile 3,3 39.96825,-75.13550,39.98600,-75.11800: +67251 elements (5s), total 814520
osm_wide_raw.json written
dem 0/22194
dem 2000/22194
dem 4000/22194
dem 6000/22194
dem 8000/22194
dem 10000/22194
dem 12000/22194
dem 14000/22194
dem 16000/22194
dem 18000/22194
dem 20000/22194
dem 22000/22194
dem_wide.json written
