round 0: 71 tiles to fetch
west-sw-airport-0-0 39.86000,-75.28500,39.88600,-75.26000: 8839 elements (9s)
west-sw-airport-0-1 39.86000,-75.26000,39.88600,-75.23500: 9135 elements (2s)
west-sw-airport-0-2 39.86000,-75.23500,39.88600,-75.21000: 5691 elements (4s)
west-sw-airport-0-3 39.86000,-75.21000,39.88600,-75.18500: 3779 elements (3s)
west-sw-airport-1-0 39.88600,-75.28500,39.91200,-75.26000: 6388 elements (9s)
west-sw-airport-1-1 39.88600,-75.26000,39.91200,-75.23500: 29966 elements (3s)
west-sw-airport-1-2 39.88600,-75.23500,39.91200,-75.21000: 8462 elements (455s)
west-sw-airport-1-3 39.88600,-75.21000,39.91200,-75.18500: 8806 elements (2s)
west-sw-airport-2-0 39.91200,-75.28500,39.93800,-75.26000: 5900 elements (36s)
west-sw-airport-2-1 39.91200,-75.26000,39.93800,-75.23500: 43157 elements (158s)
west-sw-airport-2-2 39.91200,-75.23500,39.93800,-75.21000: 83641 elements (3s)
west-sw-airport-2-3 39.91200,-75.21000,39.93800,-75.18500: 49993 elements (11s)
west-sw-airport-3-0 39.93800,-75.28500,39.96400,-75.26000: 5566 elements (3s)
west-sw-airport-3-1 39.93800,-75.26000,39.96400,-75.23500: 105526 elements (11s)
west-sw-airport-3-2 39.93800,-75.23500,39.96400,-75.21000: 176587 elements (21s)
west-sw-airport-3-3 39.93800,-75.21000,39.96400,-75.18500: 57707 elements (915s)
west-sw-airport-4-0 39.96400,-75.28500,39.99000,-75.26000: 33277 elements (154s)
west-sw-airport-4-1 39.96400,-75.26000,39.99000,-75.23500: 128502 elements (5s)
west-sw-airport-4-2 39.96400,-75.23500,39.99000,-75.21000: 100418 elements (10s)
west-sw-airport-4-3 39.96400,-75.21000,39.99000,-75.18500: 50617 elements (3s)
north-0-0 39.98600,-75.19000,40.00733,-75.16400: 105787 elements (4s)
north-0-1 39.98600,-75.16400,40.00733,-75.13800: 107393 elements (5s)
north-0-2 39.98600,-75.13800,40.00733,-75.11200: 115327 elements (4s)
north-0-3 39.98600,-75.11200,40.00733,-75.08600: 76134 elements (8s)
north-0-4 39.98600,-75.08600,40.00733,-75.06000: 31946 elements (249s)
north-1-0 40.00733,-75.19000,40.02867,-75.16400: 54640 elements (4s)
north-1-1 40.00733,-75.16400,40.02867,-75.13800: 108155 elements (14s)
north-1-2 40.00733,-75.13800,40.02867,-75.11200: 82574 elements (9s)
north-1-3 40.00733,-75.11200,40.02867,-75.08600: 76346 elements (297s)
north-1-4 40.00733,-75.08600,40.02867,-75.06000: 95479 elements (4s)
north-2-0 40.02867,-75.19000,40.05000,-75.16400: 82622 elements (218s)
north-2-1 40.02867,-75.16400,40.05000,-75.13800: 104112 elements (798s)
north-2-2 40.02867,-75.13800,40.05000,-75.11200: 109664 elements (5s)
north-2-3 40.02867,-75.11200,40.05000,-75.08600: 69702 elements (9s)
north-2-4 40.02867,-75.08600,40.05000,-75.06000: 108408 elements (217s)
northeast-0-0 40.05000,-75.13000,40.07250,-75.10083: 39708 elements (142s)
northeast-0-1 40.05000,-75.10083,40.07250,-75.07167: 90198 elements (3s)
northeast-0-2 40.05000,-75.07167,40.07250,-75.04250: 94174 elements (3s)
northeast-0-3 40.05000,-75.04250,40.07250,-75.01333: 66807 elements (4s)
northeast-0-4 40.05000,-75.01333,40.07250,-74.98417: 59437 elements (3s)
northeast-0-5 40.05000,-74.98417,40.07250,-74.95500: 12442 elements (164s)
northeast-1-0 40.07250,-75.13000,40.09500,-75.10083: 25694 elements (4s)
northeast-1-1 40.07250,-75.10083,40.09500,-75.07167: 37433 elements (5s)
northeast-1-2 40.07250,-75.07167,40.09500,-75.04250: 38825 elements (247s)
northeast-1-3 40.07250,-75.04250,40.09500,-75.01333: 48208 elements (3s)
northeast-1-4 40.07250,-75.01333,40.09500,-74.98417: 35164 elements (4s)
northeast-1-5 40.07250,-74.98417,40.09500,-74.95500: 51767 elements (4s)
northeast-2-0 40.09500,-75.13000,40.11750,-75.10083: 17921 elements (15s)
northeast-2-1 40.09500,-75.10083,40.11750,-75.07167: 9134 elements (5s)
northeast-2-2 40.09500,-75.07167,40.11750,-75.04250: 29808 elements (5s)
northeast-2-3 40.09500,-75.04250,40.11750,-75.01333: 58312 elements (852s)
northeast-2-4 40.09500,-75.01333,40.11750,-74.98417: 15725 elements (3s)
northeast-2-5 40.09500,-74.98417,40.11750,-74.95500: 36382 elements (3s)
northeast-3-0 40.11750,-75.13000,40.14000,-75.10083: 6072 elements (12s)
northeast-3-1 40.11750,-75.10083,40.14000,-75.07167: 6898 elements (2s)
northeast-3-2 40.11750,-75.07167,40.14000,-75.04250: 7812 elements (2s)
northeast-3-3 40.11750,-75.04250,40.14000,-75.01333: 32271 elements (11s)
northeast-3-4 40.11750,-75.01333,40.14000,-74.98417: 31710 elements (2s)
northeast-3-5 40.11750,-74.98417,40.14000,-74.95500: 13862 elements (916s)
northwest-0-0 39.99000,-75.28500,40.01750,-75.25333: 28777 elements (2s)
northwest-0-1 39.99000,-75.25333,40.01750,-75.22167: 44583 elements (3s)
northwest-0-2 39.99000,-75.22167,40.01750,-75.19000: 41080 elements (3s)
northwest-1-0 40.01750,-75.28500,40.04500,-75.25333: 10676 elements (3s)
northwest-1-1 40.01750,-75.25333,40.04500,-75.22167: 59464 elements (109s)
northwest-1-2 40.01750,-75.22167,40.04500,-75.19000: 92183 elements (10s)
northwest-2-0 40.04500,-75.28500,40.07250,-75.25333: 10643 elements (2s)
northwest-2-1 40.04500,-75.25333,40.07250,-75.22167: 57608 elements (4s)
northwest-2-2 40.04500,-75.22167,40.07250,-75.19000: 68035 elements (5s)
northwest-3-0 40.07250,-75.28500,40.10000,-75.25333: 8173 elements (156s)
northwest-3-1 40.07250,-75.25333,40.10000,-75.22167: 19409 elements (4s)
northwest-3-2 40.07250,-75.22167,40.10000,-75.19000: 27737 elements (2s)
osm_city_raw.json written (3405732 elements)
dem 0/40110
dem 3000/40110
dem 6000/40110
dem 9000/40110
dem 12000/40110
